******************************************************************************
                  TI ARM Linker PC v16.9.4                     
******************************************************************************
>> Linked Thu Sep 21 15:33:19 2023

OUTPUT FILE NAME:   <EUI_EME_ARM10_RTOS_CONTEXT_SWITCH.out>
ENTRY POINT SYMBOL: "_c_int00"  address: 00000849


MEMORY CONFIGURATION

         name            origin    length      used     unused   attr    fill
----------------------  --------  ---------  --------  --------  ----  --------
  FLASH                 00000000   00040000  00000b24  0003f4dc  R  X
  SRAM                  20000000   00008000  000005d0  00007a30  RW X


SEGMENT ALLOCATION MAP

run origin  load origin   length   init length attrs members
----------  ----------- ---------- ----------- ----- -------
00000000    00000000    00000b28   00000b28    r-x
  00000000    00000000    0000026c   0000026c    r-- .intvecs
  0000026c    0000026c    00000868   00000868    r-x .text
  00000ad8    00000ad8    00000050   00000050    r-- .cinit
20000000    20000000    000005d0   00000000    rw-
  20000000    20000000    0000026c   00000000    rw- .vtable
  2000026c    2000026c    00000200   00000000    rw- .stack
  2000046c    2000046c    00000140   00000000    rw- .bss
  200005ac    200005ac    00000024   00000000    rw- .data


SECTION ALLOCATION MAP

 output                                  attributes/
section   page    origin      length       input sections
--------  ----  ----------  ----------   ----------------
.intvecs   0    00000000    0000026c     
                  00000000    0000026c     tm4c123gh6pm_startup_ccs.obj (.intvecs)

.text      0    0000026c    00000868     
                  0000026c    0000018c     main.obj (.text)
                  000003f8    0000016c     driverlib.lib : gpio.obj (.text:GPIOPadConfigSet)
                  00000564    000000f4                   : sysctl.obj (.text:SysCtlClockSet)
                  00000658    0000009c     rtsv7M4_T_le_v4SPD16_eabi.lib : memcpy_t2.obj (.text)
                  000006f4    0000007a                                   : memset_t2.obj (.text)
                  0000076e    00000002                                   : mpu_init.obj (.text)
                  00000770    00000070                                   : autoinit.obj (.text)
                  000007e0    00000068                                   : copy_decompress_lzss.obj (.text:decompress:lzss)
                  00000848    00000054                                   : boot.obj (.text)
                  0000089c    00000054                                   : exit.obj (.text)
                  000008f0    0000004c                                   : cpy_tbl.obj (.text)
                  0000093c    00000034     driverlib.lib : interrupt.obj (.text:IntRegister)
                  00000970    00000034                   : sysctl.obj (.text:SysCtlPeripheralEnable)
                  000009a4    0000002c                   : gpio.obj (.text:GPIODirModeSet)
                  000009d0    0000001c                   : systick.obj (.text:SysTickIntRegister)
                  000009ec    0000001a                   : gpio.obj (.text:GPIOPinTypeGPIOOutput)
                  00000a06    00000002     rtsv7M4_T_le_v4SPD16_eabi.lib : startup.obj (.text)
                  00000a08    00000018                                   : args_main.obj (.text)
                  00000a20    00000014     driverlib.lib : systick.obj (.text:SysTickEnable)
                  00000a34    00000014                   : systick.obj (.text:SysTickIntEnable)
                  00000a48    00000014     rtsv7M4_T_le_v4SPD16_eabi.lib : _lock.obj (.text)
                  00000a5c    00000010     driverlib.lib : fpu.obj (.text:FPUDisable)
                  00000a6c    00000010                   : interrupt.obj (.text:IntMasterEnable)
                  00000a7c    00000010                   : systick.obj (.text:SysTickPeriodSet)
                  00000a8c    0000000e     rtsv7M4_T_le_v4SPD16_eabi.lib : copy_decompress_none.obj (.text:decompress:none)
                  00000a9a    0000000c     driverlib.lib : cpu.obj (.text:CPUcpsie)
                  00000aa6    0000000c     rtsv7M4_T_le_v4SPD16_eabi.lib : copy_zero_init.obj (.text:decompress:ZI)
                  00000ab2    0000000c     tm4c123gh6pm_startup_ccs.obj (.text)
                  00000abe    00000006     driverlib.lib : gpio.obj (.text:GPIOPinRead)
                  00000ac4    00000006                   : gpio.obj (.text:GPIOPinWrite)
                  00000aca    00000006                   : sysctl.obj (.text:SysCtlDelay)
                  00000ad0    00000004     rtsv7M4_T_le_v4SPD16_eabi.lib : pre_init.obj (.text)

.cinit     0    00000ad8    00000050     
                  00000ad8    0000001b     (.cinit..data.load) [load image, compression = lzss]
                  00000af3    00000001     --HOLE-- [fill = 0]
                  00000af4    0000000c     (__TI_handler_table)
                  00000b00    00000008     (.cinit..bss.load) [load image, compression = zero_init]
                  00000b08    00000008     (.cinit..vtable.load) [load image, compression = zero_init]
                  00000b10    00000018     (__TI_cinit_table)

.init_array 
*          0    00000000    00000000     UNINITIALIZED

.vtable    0    20000000    0000026c     UNINITIALIZED
                  20000000    0000026c     driverlib.lib : interrupt.obj (.vtable)

.stack     0    2000026c    00000200     UNINITIALIZED
                  2000026c    00000200     --HOLE--

.bss       0    2000046c    00000140     UNINITIALIZED
                  2000046c    000000a0     (.common:stack_GreenBlinky)
                  2000050c    000000a0     (.common:stack_RedBlinky)

.data      0    200005ac    00000024     UNINITIALIZED
                  200005ac    0000000c     rtsv7M4_T_le_v4SPD16_eabi.lib : exit.obj (.data:$O1$$)
                  200005b8    0000000c     main.obj (.data)
                  200005c4    00000008     rtsv7M4_T_le_v4SPD16_eabi.lib : _lock.obj (.data:$O1$$)
                  200005cc    00000004                                   : stkdepth_vars.obj (.data)

MODULE SUMMARY

       Module                         code   ro data   rw data
       ------                         ----   -------   -------
    .\
       main.obj                       396    0         332    
       tm4c123gh6pm_startup_ccs.obj   12     620       0      
    +--+------------------------------+------+---------+---------+
       Total:                         408    620       332    
                                                              
    C:/ti/TivaWare_C_Series-2.2.0.295/driverlib/ccs/Debug/driverlib.lib
       interrupt.obj                  68     0         620    
       gpio.obj                       446    0         0      
       sysctl.obj                     302    0         0      
       systick.obj                    84     0         0      
       fpu.obj                        16     0         0      
       cpu.obj                        12     0         0      
    +--+------------------------------+------+---------+---------+
       Total:                         928    0         620    
                                                              
    C:\ti\ccsv7\tools\compiler\ti-cgt-arm_16.9.4.LTS\lib\rtsv7M4_T_le_v4SPD16_eabi.lib
       memcpy_t2.obj                  156    0         0      
       memset_t2.obj                  122    0         0      
       autoinit.obj                   112    0         0      
       copy_decompress_lzss.obj       104    0         0      
       exit.obj                       84     0         12     
       boot.obj                       84     0         0      
       cpy_tbl.obj                    76     0         0      
       _lock.obj                      20     0         8      
       args_main.obj                  24     0         0      
       copy_decompress_none.obj       14     0         0      
       copy_zero_init.obj             12     0         0      
       pre_init.obj                   4      0         0      
       stkdepth_vars.obj              0      0         4      
       mpu_init.obj                   2      0         0      
       startup.obj                    2      0         0      
    +--+------------------------------+------+---------+---------+
       Total:                         816    0         24     
                                                              
       Stack:                         0      0         512    
       Linker Generated:              0      79        0      
    +--+------------------------------+------+---------+---------+
       Grand Total:                   2152   699       1488   


LINKER GENERATED COPY TABLES

__TI_cinit_table @ 00000b10 records: 3, size/record: 8, table size: 24
	.data: load addr=00000ad8, load size=0000001b bytes, run addr=200005ac, run size=00000024 bytes, compression=lzss
	.bss: load addr=00000b00, load size=00000008 bytes, run addr=2000046c, run size=00000140 bytes, compression=zero_init
	.vtable: load addr=00000b08, load size=00000008 bytes, run addr=20000000, run size=0000026c bytes, compression=zero_init


LINKER GENERATED HANDLER TABLE

__TI_handler_table @ 00000af4 records: 3, size/record: 4, table size: 12
	index: 0, handler: __TI_zero_init
	index: 1, handler: __TI_decompress_lzss
	index: 2, handler: __TI_decompress_none


GLOBAL SYMBOLS: SORTED ALPHABETICALLY BY Name 

address   name                           
-------   ----                           
0000089d  C$$EXIT                        
00000a9b  CPUcpsie                       
00000a5d  FPUDisable                     
000009a5  GPIODirModeSet                 
000003f9  GPIOPadConfigSet               
00000abf  GPIOPinRead                    
000009ed  GPIOPinTypeGPIOOutput          
00000ac5  GPIOPinWrite                   
0000034f  Init_main                      
00000a6d  IntMasterEnable                
0000093d  IntRegister                    
00000ab3  ResetISR                       
UNDEFED   SHT$$INIT_ARRAY$$Base          
UNDEFED   SHT$$INIT_ARRAY$$Limit         
00000565  SysCtlClockSet                 
00000acb  SysCtlDelay                    
00000971  SysCtlPeripheralEnable         
00000a21  SysTickEnable                  
00000a35  SysTickIntEnable               
000009d1  SysTickIntRegister             
00000a7d  SysTickPeriodSet               
0000026d  SysTick_Handler                
2000046c  __STACK_END                    
00000200  __STACK_SIZE                   
2000046c  __STACK_TOP                    
00000b10  __TI_CINIT_Base                
00000b28  __TI_CINIT_Limit               
00000af4  __TI_Handler_Table_Base        
00000b00  __TI_Handler_Table_Limit       
00000771  __TI_auto_init                 
200005ac  __TI_cleanup_ptr               
000007e1  __TI_decompress_lzss           
00000a8d  __TI_decompress_none           
200005b0  __TI_dtors_ptr                 
200005b4  __TI_enable_exit_profile_output
ffffffff  __TI_pprof_out_hndl            
ffffffff  __TI_prof_data_size            
ffffffff  __TI_prof_data_start           
00000000  __TI_static_base__             
00000aa7  __TI_zero_init                 
000006f5  __aeabi_memclr                 
000006f5  __aeabi_memclr4                
000006f5  __aeabi_memclr8                
00000659  __aeabi_memcpy                 
00000659  __aeabi_memcpy4                
00000659  __aeabi_memcpy8                
000006f7  __aeabi_memset                 
000006f7  __aeabi_memset4                
000006f7  __aeabi_memset8                
ffffffff  __binit__                      
ffffffff  __c_args__                     
0000076f  __mpu_init                     
2000026c  __stack                        
00000a09  _args_main                     
00000849  _c_int00                       
200005c4  _lock                          
00000a57  _nop                           
00000a4f  _register_lock                 
00000a49  _register_unlock               
00000a07  _system_post_cinit             
00000ad1  _system_pre_init               
200005c8  _unlock                        
000008a1  abort                          
ffffffff  binit                          
000008f1  copy_in                        
200005b8  counter                        
000008a9  exit                           
20000000  g_pfnRAMVectors                
00000000  g_pfnVectors                   
00000277  main                           
200005cc  main_func_sp                   
00000659  memcpy                         
000006fd  memset                         
200005c0  sp_GreenBlinky                 
200005bc  sp_RedBlinky                   
2000046c  stack_GreenBlinky              
2000050c  stack_RedBlinky                
0000037f  task_1                         
000003a7  task_2                         


GLOBAL SYMBOLS: SORTED BY Symbol Address 

address   name                           
-------   ----                           
00000000  __TI_static_base__             
00000000  g_pfnVectors                   
00000200  __STACK_SIZE                   
0000026d  SysTick_Handler                
00000277  main                           
0000034f  Init_main                      
0000037f  task_1                         
000003a7  task_2                         
000003f9  GPIOPadConfigSet               
00000565  SysCtlClockSet                 
00000659  __aeabi_memcpy                 
00000659  __aeabi_memcpy4                
00000659  __aeabi_memcpy8                
00000659  memcpy                         
000006f5  __aeabi_memclr                 
000006f5  __aeabi_memclr4                
000006f5  __aeabi_memclr8                
000006f7  __aeabi_memset                 
000006f7  __aeabi_memset4                
000006f7  __aeabi_memset8                
000006fd  memset                         
0000076f  __mpu_init                     
00000771  __TI_auto_init                 
000007e1  __TI_decompress_lzss           
00000849  _c_int00                       
0000089d  C$$EXIT                        
000008a1  abort                          
000008a9  exit                           
000008f1  copy_in                        
0000093d  IntRegister                    
00000971  SysCtlPeripheralEnable         
000009a5  GPIODirModeSet                 
000009d1  SysTickIntRegister             
000009ed  GPIOPinTypeGPIOOutput          
00000a07  _system_post_cinit             
00000a09  _args_main                     
00000a21  SysTickEnable                  
00000a35  SysTickIntEnable               
00000a49  _register_unlock               
00000a4f  _register_lock                 
00000a57  _nop                           
00000a5d  FPUDisable                     
00000a6d  IntMasterEnable                
00000a7d  SysTickPeriodSet               
00000a8d  __TI_decompress_none           
00000a9b  CPUcpsie                       
00000aa7  __TI_zero_init                 
00000ab3  ResetISR                       
00000abf  GPIOPinRead                    
00000ac5  GPIOPinWrite                   
00000acb  SysCtlDelay                    
00000ad1  _system_pre_init               
00000af4  __TI_Handler_Table_Base        
00000b00  __TI_Handler_Table_Limit       
00000b10  __TI_CINIT_Base                
00000b28  __TI_CINIT_Limit               
20000000  g_pfnRAMVectors                
2000026c  __stack                        
2000046c  __STACK_END                    
2000046c  __STACK_TOP                    
2000046c  stack_GreenBlinky              
2000050c  stack_RedBlinky                
200005ac  __TI_cleanup_ptr               
200005b0  __TI_dtors_ptr                 
200005b4  __TI_enable_exit_profile_output
200005b8  counter                        
200005bc  sp_RedBlinky                   
200005c0  sp_GreenBlinky                 
200005c4  _lock                          
200005c8  _unlock                        
200005cc  main_func_sp                   
ffffffff  __TI_pprof_out_hndl            
ffffffff  __TI_prof_data_size            
ffffffff  __TI_prof_data_start           
ffffffff  __binit__                      
ffffffff  __c_args__                     
ffffffff  binit                          
UNDEFED   SHT$$INIT_ARRAY$$Base          
UNDEFED   SHT$$INIT_ARRAY$$Limit         

[79 symbols]
